<?xml version="1.0" encoding="UTF-8"?>
<cfdi:Addenda xmlns:cfdi="http://www.sat.gob.mx/cfd/3">
    <Documento>
        UNB+UNOB:1+EKU9003173C9:ZZ+925485MX00:8+-date-:-time-+-folio-'UNH+1+INVOIC:D:01B:UN:AMC002'BGM+380+-folio-+9'DTM+137:-datetime-:204'FTX+ZZZ+++QUINIENTOS VEINTIDÃ“S DOLLARS 00/100 M.E.'RFF+ON:0'DTM+171:20200619:102'RFF+BT:INV/2021/'NAD+BY+7507003100001::9++Floyd Steward+325 STREET PARENT:++FRANKLIN+26807'RFF+GN:XEXX010101000'NAD+SU+++YourCompany+CAMPOBASSO NORTE 3206/9000:+CIUDAD OBREGON+85134'RFF+GN:EKU9003173C9'RFF+IA:--Supplier code here--'NAD+ST+7507003163884::9++Floyd Steward+325/8098 ELSIE DRIVE++WEST VIRGINIA+26807'CUX+2:MXN:4'PAT+1++5:3:D:90'LIN+1++0:SRV::9'IMD+F++:::Desk Combination'QTY+47:1.0:EA'MOA+203:450.0'PRI+AAA:450.0::::EA'TAX+7+VAT+++:::16.0+B'MOA+124:72.0'UNS+S'CNT+2:1'MOA+9:522.0'MOA+79:450.0'MOA+125:450.0'TAX+7+VAT+++:::16.0+B'TAX+7+VAT+++:::0.0+B'MOA+124:72.0'UNT+32+1'UNZ+1+1'
    </Documento>
</cfdi:Addenda>
